[{
  "type" : "SmartBulbMeasurementSeries",
  "smartBulb" : {
    "id" : "s1"
  },
  "id" : "s1",
  "version" : 1,
  "meta" : {
    "tenantTagId" : 3,
    "tenant" : "lightbulbTraining",
    "tag" : "prod",
    "created" : "2018-08-22T01:23:08Z",
    "createdBy" : "authorizer",
    "updated" : "2018-08-22T01:23:08Z",
    "updatedBy" : "authorizer",
    "timestamp" : "2018-08-22T01:23:09Z",
    "sourceFile" : "CanonicalSmartBulbMeasurement.csv"
  }
},
{
  "type" : "SmartBulbMeasurementSeries",
  "smartBulb" : {
    "id" : "s2"
  },
  "id" : "s2",
  "version" : 1,
  "meta" : {
    "tenantTagId" : 3,
    "tenant" : "lightbulbTraining",
    "tag" : "prod",
    "created" : "2018-08-22T01:23:08Z",
    "createdBy" : "authorizer",
    "updated" : "2018-08-22T01:23:08Z",
    "updatedBy" : "authorizer",
    "timestamp" : "2018-08-22T01:23:09Z",
    "sourceFile" : "CanonicalSmartBulbMeasurement.csv"
  }
}]