[{
  "type" : "Apartment",
  "building" : {
    "id" : "b1"
  },
  "id" : "a1",
  "version" : 1,
  "meta" : {
    "tenantTagId" : 3,
    "tenant" : "lightbulbTraining",
    "tag" : "prod",
    "created" : "2018-08-22T01:22:55Z",
    "createdBy" : "authorizer",
    "updated" : "2018-08-22T01:22:55Z",
    "updatedBy" : "authorizer",
    "timestamp" : "2018-08-22T01:22:55Z",
    "sourceFile" : "CanonicalFixture.csv"
  }
},
{
  "type" : "Apartment",
  "building" : {
    "id" : "b1"
  },
  "id" : "a2",
  "version" : 1,
  "meta" : {
    "tenantTagId" : 3,
    "tenant" : "lightbulbTraining",
    "tag" : "prod",
    "created" : "2018-08-22T01:22:55Z",
    "createdBy" : "authorizer",
    "updated" : "2018-08-22T01:22:55Z",
    "updatedBy" : "authorizer",
    "timestamp" : "2018-08-22T01:22:55Z",
    "sourceFile" : "CanonicalFixture.csv"
  }
}]